
> spiritatlas@1.0.0 build
> tsc --noEmit && vite build

vite v8.3.0 building client environment for production...
transforming...
✓ 2457 modules transformed.
rendering chunks...
computing gzip size...
dist/index.html                                                       1.47 kB │ gzip:   0.81 kB
dist/assets/instrument-sans-latin-ext-wght-normal-B5bTHO_g.woff2     11.14 kB
dist/assets/ibm-plex-mono-latin-400-normal-CvHOgSBP.woff             13.14 kB
dist/assets/ibm-plex-mono-latin-400-normal-DMJ8VG8y.woff2            14.70 kB
dist/assets/instrument-sans-latin-wght-normal-BbzFLZTg.woff2         30.09 kB
dist/assets/maplibre-gl-worker-DsvDs_fr.js                          506.72 kB
dist/assets/Viewer-VJZSSb2X.css                                       4.35 kB │ gzip:   1.39 kB
dist/assets/index-wSoNOqj0.css                                       24.54 kB │ gzip:   6.19 kB
dist/assets/App-C6czc-3z.css                                         64.65 kB │ gzip:  11.79 kB
dist/assets/map-CKRTiAqP.css                                         82.86 kB │ gzip:  10.71 kB
dist/assets/rolldown-runtime-hePW80VL.js                              0.71 kB │ gzip:   0.42 kB
dist/assets/Viewer-MGJBTzGm.js                                       35.48 kB │ gzip:  11.97 kB
dist/assets/renderer-CgPVAO2x.js                                     46.79 kB │ gzip:  16.61 kB
dist/assets/App-Dn4LGhXk.js                                          48.23 kB │ gzip:  14.66 kB
dist/assets/index-ugF9tyg3.js                                        65.75 kB │ gzip:  21.00 kB
dist/assets/react-CtYP0wlk.js                                       189.60 kB │ gzip:  59.61 kB
dist/assets/map--FHYeYtF.js                                       1,057.88 kB │ gzip: 283.61 kB
dist/assets/three-vIYDzzE_.js                                     1,304.46 kB │ gzip: 390.38 kB

✓ built in 2.39s
[plugin builtin:vite-reporter]
(!) Some chunks are larger than 1100 kB after minification. Consider:
- Using dynamic import() to code-split the application
- Use build.rolldownOptions.output.codeSplitting to improve chunking: https://rolldown.rs/reference/OutputOptions.codeSplitting
- Adjust chunk size limit for this warning via build.chunkSizeWarningLimit.
