Fetching deployment "spiritatlas-ltzvk1tlu-ilham-firdausi-putras-projects.vercel.app" in ilham-firdausi-putras-projects
2026-09-13T05:41:55.802Z  Running build in Washington, D.C., USA (East) – iad1 (Turbo Build Machine)
2026-09-13T05:41:55.802Z  Build machine configuration: 30 cores, 60 GB
2026-09-13T05:41:55.945Z  Cloning github.com/ilhamfp/SpiritAtlas (Branch: main, Commit: 5c9bcbe)
2026-09-13T05:42:04.024Z  Cloning completed: 8.078s
2026-09-13T05:42:04.092Z  Found .vercelignore
2026-09-13T05:42:04.185Z  Removed 905 ignored files defined in .vercelignore
2026-09-13T05:42:04.186Z  /.git/config
2026-09-13T05:42:04.186Z  /.git/description
2026-09-13T05:42:04.186Z  /.git/FETCH_HEAD
2026-09-13T05:42:04.186Z  /.git/HEAD
2026-09-13T05:42:04.186Z  /.git/hooks/applypatch-msg.sample
2026-09-13T05:42:04.186Z  /.git/hooks/commit-msg.sample
2026-09-13T05:42:04.186Z  /.git/hooks/fsmonitor-watchman.sample
2026-09-13T05:42:04.186Z  /.git/hooks/post-update.sample
2026-09-13T05:42:04.186Z  /.git/hooks/pre-applypatch.sample
2026-09-13T05:42:04.186Z  /.git/hooks/pre-commit.sample
2026-09-13T05:42:04.241Z  Restored build cache from previous deployment (2wmqnZPCcrmew1UUL8tN3jKFXhHk)
2026-09-13T05:42:04.416Z  Running "vercel build"
2026-09-13T05:42:04.432Z  Vercel CLI 59.11.7
2026-09-13T05:42:04.928Z  Installing dependencies...
2026-09-13T05:42:05.901Z
2026-09-13T05:42:05.901Z  up to date in 785ms
2026-09-13T05:42:05.901Z
2026-09-13T05:42:05.901Z  18 packages are looking for funding
2026-09-13T05:42:05.901Z  run `npm fund` for details
2026-09-13T05:42:06.009Z
2026-09-13T05:42:06.009Z  > spiritatlas@1.0.0 build
2026-09-13T05:42:06.009Z  > tsc --noEmit && vite build
2026-09-13T05:42:06.010Z
2026-09-13T05:42:06.519Z  vite v8.3.0 building client environment for production...
2026-09-13T05:42:06.527Z  transforming...
2026-09-13T05:42:06.815Z  ✓ 2457 modules transformed.
2026-09-13T05:42:06.956Z  rendering chunks...
2026-09-13T05:42:07.068Z  computing gzip size...
2026-09-13T05:42:07.085Z  dist/index.html                                                       1.47 kB │ gzip:   0.81 kB
2026-09-13T05:42:07.085Z  dist/assets/instrument-sans-latin-ext-wght-normal-B5bTHO_g.woff2     11.14 kB
2026-09-13T05:42:07.086Z  dist/assets/ibm-plex-mono-latin-400-normal-CvHOgSBP.woff             13.14 kB
2026-09-13T05:42:07.086Z  dist/assets/ibm-plex-mono-latin-400-normal-DMJ8VG8y.woff2            14.70 kB
2026-09-13T05:42:07.086Z  dist/assets/instrument-sans-latin-wght-normal-BbzFLZTg.woff2         30.09 kB
2026-09-13T05:42:07.086Z  dist/assets/maplibre-gl-worker-DsvDs_fr.js                          506.72 kB
2026-09-13T05:42:07.086Z  dist/assets/Viewer-VJZSSb2X.css                                       4.35 kB │ gzip:   1.39 kB
2026-09-13T05:42:07.086Z  dist/assets/index-BeujEBp8.css                                       24.34 kB │ gzip:   6.14 kB
2026-09-13T05:42:07.086Z  dist/assets/App-C6czc-3z.css                                         64.65 kB │ gzip:  11.79 kB
2026-09-13T05:42:07.086Z  dist/assets/map-CKRTiAqP.css                                         82.86 kB │ gzip:  10.71 kB
2026-09-13T05:42:07.086Z  dist/assets/rolldown-runtime-hePW80VL.js                              0.71 kB │ gzip:   0.42 kB
2026-09-13T05:42:07.086Z  dist/assets/Viewer-BISggqvf.js                                       35.48 kB │ gzip:  11.97 kB
2026-09-13T05:42:07.086Z  dist/assets/renderer-CgPVAO2x.js                                     46.79 kB │ gzip:  16.61 kB
2026-09-13T05:42:07.086Z  dist/assets/App-C8anEpqt.js                                          48.23 kB │ gzip:  14.66 kB
2026-09-13T05:42:07.086Z  dist/assets/index-crkEXD8-.js                                        65.50 kB │ gzip:  20.93 kB
2026-09-13T05:42:07.086Z  dist/assets/react-CtYP0wlk.js                                       189.60 kB │ gzip:  59.61 kB
2026-09-13T05:42:07.086Z  dist/assets/map--FHYeYtF.js                                       1,057.88 kB │ gzip: 283.61 kB
2026-09-13T05:42:07.086Z  dist/assets/three-vIYDzzE_.js                                     1,304.46 kB │ gzip: 390.38 kB
2026-09-13T05:42:07.086Z
2026-09-13T05:42:07.086Z  ✓ built in 566ms
2026-09-13T05:42:07.086Z  [plugin builtin:vite-reporter]
2026-09-13T05:42:07.086Z  (!) Some chunks are larger than 1100 kB after minification. Consider:
2026-09-13T05:42:07.086Z  - Using dynamic import() to code-split the application
2026-09-13T05:42:07.086Z  - Use build.rolldownOptions.output.codeSplitting to improve chunking: https://rolldown.rs/reference/OutputOptions.codeSplitting
2026-09-13T05:42:07.086Z  - Adjust chunk size limit for this warning via build.chunkSizeWarningLimit.
2026-09-13T05:42:07.412Z  Build Completed in /vercel/output [3s]
2026-09-13T05:42:07.435Z  Deploying outputs...
2026-09-13T05:42:08.497Z  Deployment completed
2026-09-13T05:42:08.499Z  Creating build cache...
2026-09-13T05:42:12.273Z  Created build cache: 4s
2026-09-13T05:42:12.273Z  Uploading build cache [88.25 MB]
2026-09-13T05:42:13.915Z  Build cache uploaded: 1.642s
status	● Ready
