Fetching deployment "spiritatlas-7f4u5qeu7-ilham-firdausi-putras-projects.vercel.app" in ilham-firdausi-putras-projects
2026-09-13T05:32:09.072Z  Running build in Washington, D.C., USA (East) – iad1 (Turbo Build Machine)
2026-09-13T05:32:09.073Z  Build machine configuration: 30 cores, 60 GB
2026-09-13T05:32:09.199Z  Cloning github.com/ilhamfp/SpiritAtlas (Branch: main, Commit: bc4f017)
2026-09-13T05:32:17.541Z  Cloning completed: 8.342s
2026-09-13T05:32:17.605Z  Found .vercelignore
2026-09-13T05:32:17.682Z  Removed 893 ignored files defined in .vercelignore
2026-09-13T05:32:17.682Z  /.git/config
2026-09-13T05:32:17.682Z  /.git/description
2026-09-13T05:32:17.682Z  /.git/FETCH_HEAD
2026-09-13T05:32:17.682Z  /.git/HEAD
2026-09-13T05:32:17.682Z  /.git/hooks/applypatch-msg.sample
2026-09-13T05:32:17.682Z  /.git/hooks/commit-msg.sample
2026-09-13T05:32:17.682Z  /.git/hooks/fsmonitor-watchman.sample
2026-09-13T05:32:17.682Z  /.git/hooks/post-update.sample
2026-09-13T05:32:17.682Z  /.git/hooks/pre-applypatch.sample
2026-09-13T05:32:17.682Z  /.git/hooks/pre-commit.sample
2026-09-13T05:32:17.740Z  Restored build cache from previous deployment (7a9gdg9CAmmoBDCWpLiaZMUM4Wps)
2026-09-13T05:32:17.915Z  Running "vercel build"
2026-09-13T05:32:17.929Z  Vercel CLI 59.11.7
2026-09-13T05:32:18.415Z  Installing dependencies...
2026-09-13T05:32:19.316Z
2026-09-13T05:32:19.316Z  up to date in 711ms
2026-09-13T05:32:19.316Z
2026-09-13T05:32:19.316Z  18 packages are looking for funding
2026-09-13T05:32:19.316Z  run `npm fund` for details
2026-09-13T05:32:19.416Z
2026-09-13T05:32:19.416Z  > spiritatlas@1.0.0 build
2026-09-13T05:32:19.416Z  > tsc --noEmit && vite build
2026-09-13T05:32:19.416Z
2026-09-13T05:32:19.912Z  vite v8.3.0 building client environment for production...
2026-09-13T05:32:19.919Z  transforming...
2026-09-13T05:32:20.207Z  ✓ 2457 modules transformed.
2026-09-13T05:32:20.344Z  rendering chunks...
2026-09-13T05:32:20.471Z  computing gzip size...
2026-09-13T05:32:20.488Z  dist/index.html                                                       1.47 kB │ gzip:   0.81 kB
2026-09-13T05:32:20.488Z  dist/assets/instrument-sans-latin-ext-wght-normal-B5bTHO_g.woff2     11.14 kB
2026-09-13T05:32:20.488Z  dist/assets/ibm-plex-mono-latin-400-normal-CvHOgSBP.woff             13.14 kB
2026-09-13T05:32:20.489Z  dist/assets/ibm-plex-mono-latin-400-normal-DMJ8VG8y.woff2            14.70 kB
2026-09-13T05:32:20.489Z  dist/assets/instrument-sans-latin-wght-normal-BbzFLZTg.woff2         30.09 kB
2026-09-13T05:32:20.489Z  dist/assets/maplibre-gl-worker-DsvDs_fr.js                          506.72 kB
2026-09-13T05:32:20.489Z  dist/assets/Viewer-VJZSSb2X.css                                       4.35 kB │ gzip:   1.39 kB
2026-09-13T05:32:20.489Z  dist/assets/index-BopGeigB.css                                       24.54 kB │ gzip:   6.15 kB
2026-09-13T05:32:20.489Z  dist/assets/App-C6czc-3z.css                                         64.65 kB │ gzip:  11.79 kB
2026-09-13T05:32:20.489Z  dist/assets/map-CKRTiAqP.css                                         82.86 kB │ gzip:  10.71 kB
2026-09-13T05:32:20.489Z  dist/assets/rolldown-runtime-hePW80VL.js                              0.71 kB │ gzip:   0.42 kB
2026-09-13T05:32:20.489Z  dist/assets/Viewer-Crv5LJwa.js                                       35.48 kB │ gzip:  11.97 kB
2026-09-13T05:32:20.489Z  dist/assets/renderer-CkgTmhvo.js                                     46.67 kB │ gzip:  16.55 kB
2026-09-13T05:32:20.489Z  dist/assets/App-a2TolNPR.js                                          48.23 kB │ gzip:  14.66 kB
2026-09-13T05:32:20.489Z  dist/assets/index-DxZKHYyA.js                                        65.37 kB │ gzip:  20.88 kB
2026-09-13T05:32:20.489Z  dist/assets/react-CtYP0wlk.js                                       189.60 kB │ gzip:  59.61 kB
2026-09-13T05:32:20.489Z  dist/assets/map--FHYeYtF.js                                       1,057.88 kB │ gzip: 283.61 kB
2026-09-13T05:32:20.489Z  dist/assets/three-vIYDzzE_.js                                     1,304.46 kB │ gzip: 390.38 kB
2026-09-13T05:32:20.489Z
2026-09-13T05:32:20.489Z  ✓ built in 577ms
2026-09-13T05:32:20.489Z  [plugin builtin:vite-reporter]
2026-09-13T05:32:20.489Z  (!) Some chunks are larger than 1100 kB after minification. Consider:
2026-09-13T05:32:20.489Z  - Using dynamic import() to code-split the application
2026-09-13T05:32:20.489Z  - Use build.rolldownOptions.output.codeSplitting to improve chunking: https://rolldown.rs/reference/OutputOptions.codeSplitting
2026-09-13T05:32:20.489Z  - Adjust chunk size limit for this warning via build.chunkSizeWarningLimit.
2026-09-13T05:32:20.789Z  Build Completed in /vercel/output [2s]
2026-09-13T05:32:20.809Z  Deploying outputs...
2026-09-13T05:32:21.896Z  Deployment completed
2026-09-13T05:32:21.900Z  Creating build cache...
2026-09-13T05:32:25.493Z  Created build cache: 4s
2026-09-13T05:32:25.493Z  Uploading build cache [88.25 MB]
2026-09-13T05:32:27.684Z  Build cache uploaded: 2.191s
status	● Ready
